// Jest Snapshot v1, https://goo.gl/fbAQLP

exports[`ManageAuthorPage render ManageAuthorPage with empty authors 1`] = `""`;
