// Jest Snapshot v1, https://goo.gl/fbAQLP

exports[`render PageNotFound component 1`] = `
<h1>
  Oops! Page not found.
</h1>
`;
