// Jest Snapshot v1, https://goo.gl/fbAQLP

exports[`render Header component 1`] = `
<nav>
  <a
    aria-current="page"
    className="active"
    href="/"
    onClick={[Function]}
    style={
      Object {
        "color": "#F15B2A",
      }
    }
  >
    Home
  </a>
   | 
  <a
    aria-current={null}
    href="/courses"
    onClick={[Function]}
  >
    Courses
  </a>
   | 
  <a
    aria-current={null}
    href="/authors"
    onClick={[Function]}
  >
    Authors
  </a>
   | 
  <a
    aria-current={null}
    href="/about"
    onClick={[Function]}
  >
    About
  </a>
</nav>
`;
