// Jest Snapshot v1, https://goo.gl/fbAQLP

exports[`render AboutPage component 1`] = `
<div>
  <h2>
    About Us
  </h2>
  <p>
    This app uses React, Redux, React Router, and many other helpful libraries.
  </p>
</div>
`;
